startup_stm32f103xe.c:24:36:NMI_Handler	0	static
startup_stm32f103xe.c:32:36:HardFault_Handler	0	static
startup_stm32f103xe.c:40:36:MemManage_Handler	0	static
startup_stm32f103xe.c:48:36:BusFault_Handler	0	static
startup_stm32f103xe.c:56:36:UsageFault_Handler	0	static
startup_stm32f103xe.c:64:36:SVC_Handler	0	static
startup_stm32f103xe.c:72:36:DebugMon_Handler	0	static
startup_stm32f103xe.c:80:36:PendSV_Handler	0	static
startup_stm32f103xe.c:88:36:SysTick_Handler	0	static
startup_stm32f103xe.c:96:36:WWDG_IRQHandler	0	static
startup_stm32f103xe.c:104:36:PVD_IRQHandler	0	static
startup_stm32f103xe.c:112:36:TAMPER_IRQHandler	0	static
startup_stm32f103xe.c:120:36:RTC_IRQHandler	0	static
startup_stm32f103xe.c:128:36:FLASH_IRQHandler	0	static
startup_stm32f103xe.c:136:36:RCC_IRQHandler	0	static
startup_stm32f103xe.c:144:36:EXTI0_IRQHandler	0	static
startup_stm32f103xe.c:152:36:EXTI1_IRQHandler	0	static
startup_stm32f103xe.c:160:36:EXTI2_IRQHandler	0	static
startup_stm32f103xe.c:168:36:EXTI3_IRQHandler	0	static
startup_stm32f103xe.c:176:36:EXTI4_IRQHandler	0	static
startup_stm32f103xe.c:184:36:DMA1_Channel1_IRQHandler	0	static
startup_stm32f103xe.c:192:36:DMA1_Channel2_IRQHandler	0	static
startup_stm32f103xe.c:200:36:DMA1_Channel3_IRQHandler	0	static
startup_stm32f103xe.c:208:36:DMA1_Channel4_IRQHandler	0	static
startup_stm32f103xe.c:216:36:DMA1_Channel5_IRQHandler	0	static
startup_stm32f103xe.c:224:36:DMA1_Channel6_IRQHandler	0	static
startup_stm32f103xe.c:232:36:DMA1_Channel7_IRQHandler	0	static
startup_stm32f103xe.c:240:36:ADC1_2_IRQHandler	0	static
startup_stm32f103xe.c:248:36:USB_HP_CAN1_TX_IRQHandler	0	static
startup_stm32f103xe.c:256:36:USB_LP_CAN1_RX0_IRQHandler	0	static
startup_stm32f103xe.c:264:36:CAN1_RX1_IRQHandler	0	static
startup_stm32f103xe.c:272:36:CAN1_SCE_IRQHandler	0	static
startup_stm32f103xe.c:280:36:EXTI9_5_IRQHandler	0	static
startup_stm32f103xe.c:288:36:TIM1_BRK_IRQHandler	0	static
startup_stm32f103xe.c:296:36:TIM1_UP_IRQHandler	0	static
startup_stm32f103xe.c:304:36:TIM1_TRG_COM_IRQHandler	0	static
startup_stm32f103xe.c:312:36:TIM1_CC_IRQHandler	0	static
startup_stm32f103xe.c:320:36:TIM2_IRQHandler	0	static
startup_stm32f103xe.c:328:36:TIM3_IRQHandler	0	static
startup_stm32f103xe.c:336:36:TIM4_IRQHandler	0	static
startup_stm32f103xe.c:344:36:I2C1_EV_IRQHandler	0	static
startup_stm32f103xe.c:352:36:I2C1_ER_IRQHandler	0	static
startup_stm32f103xe.c:360:36:I2C2_EV_IRQHandler	0	static
startup_stm32f103xe.c:368:36:I2C2_ER_IRQHandler	0	static
startup_stm32f103xe.c:376:36:SPI1_IRQHandler	0	static
startup_stm32f103xe.c:384:36:SPI2_IRQHandler	0	static
startup_stm32f103xe.c:392:36:USART1_IRQHandler	0	static
startup_stm32f103xe.c:400:36:USART2_IRQHandler	0	static
startup_stm32f103xe.c:408:36:USART3_IRQHandler	0	static
startup_stm32f103xe.c:416:36:EXTI15_10_IRQHandler	0	static
startup_stm32f103xe.c:424:36:RTC_Alarm_IRQHandler	0	static
startup_stm32f103xe.c:432:36:USBWakeUp_IRQHandler	0	static
startup_stm32f103xe.c:440:36:TIM8_BRK_IRQHandler	0	static
startup_stm32f103xe.c:448:36:TIM8_UP_IRQHandler	0	static
startup_stm32f103xe.c:456:36:TIM8_TRG_COM_IRQHandler	0	static
startup_stm32f103xe.c:464:36:TIM8_CC_IRQHandler	0	static
startup_stm32f103xe.c:472:36:ADC3_IRQHandler	0	static
startup_stm32f103xe.c:480:36:FSMC_IRQHandler	0	static
startup_stm32f103xe.c:488:36:SDIO_IRQHandler	0	static
startup_stm32f103xe.c:496:36:TIM5_IRQHandler	0	static
startup_stm32f103xe.c:504:36:SPI3_IRQHandler	0	static
startup_stm32f103xe.c:512:36:UART4_IRQHandler	0	static
startup_stm32f103xe.c:520:36:UART5_IRQHandler	0	static
startup_stm32f103xe.c:528:36:TIM6_IRQHandler	0	static
startup_stm32f103xe.c:536:36:TIM7_IRQHandler	0	static
startup_stm32f103xe.c:544:36:DMA2_Channel1_IRQHandler	0	static
startup_stm32f103xe.c:552:36:DMA2_Channel2_IRQHandler	0	static
startup_stm32f103xe.c:560:36:DMA2_Channel3_IRQHandler	0	static
startup_stm32f103xe.c:568:36:DMA2_Channel4_5_IRQHandler	0	static
startup_stm32f103xe.c:781:39:Reset_Handler	0	static
startup_stm32f103xe.c:802:39:Default_Handler	0	static
